   0.25               1.510E+00 1.000E+00 0.000E+00 1.690E-01 0.000E+00 1.690E-01 0.000E+00 1.690E-01 0.000E+00 0.000E+00
   0.50               3.370E-01 0.000E+00 0.000E+00 0.000E+00 0.000E+00 1.690E-01 0.000E+00 1.690E-01 0.000E+00 0.000E+00
   0.75               2.180E+00 1.690E-01 1.690E-01 1.340E+00 3.370E-01 0.000E+00 0.000E+00 1.690E-01 0.000E+00 0.000E+00
   1.00               2.850E+00 1.690E-01 1.690E-01 1.340E+00 3.370E-01 5.060E-01 0.000E+00 1.690E-01 0.000E+00 1.690E-01
   1.25               7.370E+00 1.510E+00 1.170E+00 3.010E+00 6.740E-01 5.060E-01 3.370E-01 0.000E+00 0.000E+00 1.690E-01
   1.50               1.030E+01 1.510E+00 1.210E+00 3.180E+00 1.840E+00 1.520E+00 3.370E-01 5.060E-01 0.000E+00 1.690E-01
   1.75               1.540E+01 1.390E+00 2.380E+00 4.350E+00 2.560E+00 2.690E+00 8.430E-01 5.060E-01 3.370E-01 1.690E-01
   2.00               2.020E+01 1.400E+00 2.550E+00 4.690E+00 3.890E+00 3.190E+00 1.240E+00 2.520E+00 3.370E-01 1.690E-01
   2.25               1.920E+01 1.060E+00 1.550E+00 3.180E+00 3.560E+00 3.530E+00 1.910E+00 2.850E+00 8.430E-01 5.060E-01
   2.50               3.000E+01 5.400E+00 2.670E+00 4.700E+00 5.060E+00 4.020E+00 2.250E+00 3.360E+00 1.350E+00 6.740E-01
   2.75               3.740E+01 5.740E+00 2.840E+00 4.540E+00 5.890E+00 7.050E+00 3.250E+00 3.700E+00 1.850E+00 2.020E+00
   3.00               5.580E+01 6.910E+00 5.350E+00 9.900E+00 8.080E+00 1.140E+01 4.540E+00 3.530E+00 2.360E+00 2.190E+00
   3.25               8.280E+01 7.260E+00 7.060E+00 1.530E+01 1.410E+01 1.660E+01 8.230E+00 6.060E+00 2.530E+00 3.700E+00
   3.50               1.120E+02 6.100E+00 9.410E+00 2.000E+01 1.810E+01 2.430E+01 1.240E+01 9.420E+00 3.880E+00 3.870E+00
   3.75               1.490E+02 9.560E+00 1.490E+01 2.270E+01 2.130E+01 3.050E+01 1.780E+01 1.530E+01 6.900E+00 5.370E+00
   4.00               1.890E+02 1.690E+01 1.420E+01 2.520E+01 2.610E+01 3.260E+01 2.520E+01 2.300E+01 1.030E+01 8.240E+00
   4.25               2.470E+02 2.030E+01 1.730E+01 3.860E+01 3.320E+01 3.980E+01 2.940E+01 2.980E+01 1.670E+01 1.240E+01
   4.50               3.170E+02 2.200E+01 1.980E+01 4.870E+01 4.440E+01 5.140E+01 3.440E+01 3.930E+01 2.320E+01 1.850E+01
   4.75               4.330E+02 2.490E+01 2.820E+01 7.100E+01 6.080E+01 7.720E+01 4.620E+01 4.920E+01 2.890E+01 2.460E+01
   5.00               5.860E+02 3.340E+01 3.650E+01 8.850E+01 8.410E+01 1.070E+02 6.630E+01 6.600E+01 3.700E+01 3.150E+01
   5.50               1.020E+03 5.020E+01 5.870E+01 1.440E+02 1.430E+02 1.790E+02 1.230E+02 1.260E+02 7.410E+01 5.320E+01
   6.00               1.690E+03 8.060E+01 9.220E+01 2.330E+02 2.130E+02 2.790E+02 2.100E+02 2.080E+02 1.420E+02 1.080E+02
   6.50               2.740E+03 1.190E+02 1.530E+02 3.620E+02 3.330E+02 4.360E+02 3.410E+02 3.440E+02 2.260E+02 1.910E+02
   7.00               4.700E+03 2.100E+02 2.430E+02 6.010E+02 6.030E+02 7.310E+02 5.670E+02 5.640E+02 3.930E+02 3.380E+02
   7.50               7.690E+03 3.160E+02 4.060E+02 9.440E+02 9.000E+02 1.200E+03 9.400E+02 9.480E+02 6.530E+02 5.410E+02
   8.00               1.220E+04 4.580E+02 5.690E+02 1.440E+03 1.400E+03 1.830E+03 1.450E+03 1.550E+03 1.130E+03 9.050E+02
   8.50               2.000E+04 7.290E+02 9.120E+02 2.260E+03 2.240E+03 2.990E+03 2.360E+03 2.460E+03 1.840E+03 1.570E+03
   9.00               3.260E+04 1.140E+03 1.450E+03 3.620E+03 3.580E+03 4.750E+03 3.850E+03 4.040E+03 2.960E+03 2.560E+03
   9.50               5.230E+04 1.830E+03 2.220E+03 5.650E+03 5.610E+03 7.420E+03 6.060E+03 6.450E+03 4.910E+03 4.190E+03
  10.00               8.210E+04 2.790E+03 3.420E+03 8.500E+03 8.410E+03 1.140E+04 9.430E+03 1.010E+04 7.740E+03 6.780E+03
  11.00               1.960E+05 6.250E+03 7.610E+03 1.920E+04 1.910E+04 2.610E+04 2.180E+04 2.370E+04 1.870E+04 1.690E+04
  12.00               4.440E+05 1.310E+04 1.580E+04 4.080E+04 4.090E+04 5.650E+04 4.780E+04 5.340E+04 4.300E+04 3.930E+04
   0.25               0.000E+00 0.000E+00 0.000E+00 0.000E+00 0.000E+00 0.000E+00 0.000E+00 0.000E+00 0.000E+00 0.000E+00
   0.50               0.000E+00 0.000E+00 0.000E+00 0.000E+00 0.000E+00 0.000E+00 0.000E+00 0.000E+00 0.000E+00 0.000E+00
   0.75               0.000E+00 0.000E+00 0.000E+00 0.000E+00 0.000E+00 0.000E+00 0.000E+00 0.000E+00 0.000E+00 0.000E+00
   1.00               0.000E+00 0.000E+00 0.000E+00 0.000E+00 0.000E+00 0.000E+00 0.000E+00 0.000E+00 0.000E+00 0.000E+00
   1.25               0.000E+00 0.000E+00 0.000E+00 0.000E+00 0.000E+00 0.000E+00 0.000E+00 0.000E+00 0.000E+00 0.000E+00
   1.50               0.000E+00 0.000E+00 0.000E+00 0.000E+00 0.000E+00 0.000E+00 0.000E+00 0.000E+00 0.000E+00 0.000E+00
   1.75               0.000E+00 0.000E+00 0.000E+00 0.000E+00 0.000E+00 0.000E+00 0.000E+00 0.000E+00 0.000E+00 0.000E+00
   2.00               2.180E+00 0.000E+00 3.370E-01 3.370E-01 1.340E+00 1.690E-01 0.000E+00 0.000E+00 0.000E+00 0.000E+00
   2.25               2.850E+00 0.000E+00 3.370E-01 3.370E-01 1.510E+00 5.060E-01 1.690E-01 0.000E+00 0.000E+00 0.000E+00
   2.50               5.300E+00 0.000E+00 3.370E-01 4.380E-01 1.670E+00 8.430E-01 8.430E-01 1.170E+00 0.000E+00 0.000E+00
   2.75               6.320E+00 0.000E+00 3.370E-01 4.380E-01 1.670E+00 8.430E-01 1.180E+00 1.670E+00 1.690E-01 0.000E+00
   3.00               6.540E+00 0.000E+00 0.000E+00 1.010E-01 3.920E-01 8.430E-01 2.180E+00 2.010E+00 1.010E+00 0.000E+00
   3.25               1.730E+01 0.000E+00 2.520E+00 2.450E+00 3.080E+00 2.180E+00 3.180E+00 2.180E+00 1.180E+00 5.060E-01
   3.50               2.690E+01 0.000E+00 2.720E+00 2.980E+00 5.590E+00 4.540E+00 3.850E+00 3.520E+00 2.520E+00 1.010E+00
   3.75               5.100E+01 0.000E+00 5.080E+00 7.840E+00 1.130E+01 7.720E+00 8.060E+00 4.670E+00 4.190E+00 1.180E+00
   4.00               6.930E+01 8.310E-01 7.090E+00 9.020E+00 1.410E+01 1.190E+01 1.070E+01 8.200E+00 4.190E+00 1.690E+00
   4.25               1.080E+02 9.940E-01 9.450E+00 1.270E+01 1.940E+01 1.800E+01 1.880E+01 1.160E+01 9.900E+00 4.360E+00
   4.50               1.460E+02 1.830E+00 1.300E+01 1.530E+01 2.490E+01 2.270E+01 2.470E+01 1.740E+01 1.180E+01 7.550E+00
   4.75               1.760E+02 1.830E+00 1.280E+01 1.320E+01 2.760E+01 2.470E+01 3.060E+01 2.400E+01 1.970E+01 1.160E+01
   5.00               2.510E+02 1.830E+00 1.900E+01 2.440E+01 4.350E+01 3.140E+01 3.760E+01 3.010E+01 2.920E+01 1.680E+01
   5.50               5.300E+02 7.920E+00 5.370E+01 5.000E+01 8.690E+01 6.870E+01 7.620E+01 5.410E+01 5.260E+01 3.590E+01
   6.00               1.090E+03 8.790E+00 1.040E+02 9.980E+01 1.730E+02 1.520E+02 1.630E+02 1.240E+02 1.050E+02 6.050E+01
   6.50               1.870E+03 1.090E+01 1.400E+02 1.450E+02 2.690E+02 2.470E+02 2.860E+02 2.260E+02 2.070E+02 1.330E+02
   7.00               3.380E+03 2.320E+01 2.600E+02 2.660E+02 4.690E+02 4.270E+02 4.800E+02 3.920E+02 3.830E+02 2.580E+02
   7.50               6.240E+03 3.520E+01 4.730E+02 5.210E+02 8.970E+02 7.970E+02 8.600E+02 6.990E+02 6.700E+02 4.590E+02
   8.00               1.100E+04 5.620E+01 8.270E+02 8.720E+02 1.510E+03 1.380E+03 1.550E+03 1.250E+03 1.160E+03 8.120E+02
   8.50               1.820E+04 5.570E+01 1.300E+03 1.400E+03 2.400E+03 2.170E+03 2.540E+03 2.080E+03 2.040E+03 1.400E+03
   9.00               2.950E+04 1.270E+02 2.090E+03 2.160E+03 3.730E+03 3.430E+03 4.020E+03 3.310E+03 3.310E+03 2.380E+03
   9.50               4.850E+04 1.830E+02 3.430E+03 3.590E+03 6.110E+03 5.610E+03 6.490E+03 5.330E+03 5.320E+03 3.860E+03
  10.00               7.800E+04 2.410E+02 5.280E+03 5.650E+03 9.770E+03 8.960E+03 1.040E+04 8.530E+03 8.530E+03 6.190E+03
  11.00               1.870E+05 5.780E+02 1.180E+04 1.260E+04 2.200E+04 2.020E+04 2.420E+04 2.050E+04 2.100E+04 1.540E+04
  12.00               4.410E+05 1.420E+03 2.740E+04 2.890E+04 5.040E+04 4.680E+04 5.600E+04 4.710E+04 4.810E+04 3.610E+04