   0.25               0.000E+00 0.000E+00 0.000E+00 0.000E+00 0.000E+00 0.000E+00 0.000E+00 0.000E+00 0.000E+00 0.000E+00
   0.50               1.600E-01 5.500E-02 7.550E-02 2.620E-02 3.495E-03 1.960E-04 4.760E-06 5.100E-08 2.450E-10 5.250E-13
   0.75               2.235E-01 3.775E-02 7.900E-02 6.450E-02 3.075E-02 9.400E-03 1.920E-03 2.640E-04 2.475E-05 1.595E-06
   1.00               8.150E-01 9.600E-02 2.255E-01 2.300E-01 1.535E-01 7.400E-02 2.635E-02 7.100E-03 1.460E-03 2.310E-04
   1.25               1.150E+00 1.240E-01 2.970E-01 3.170E-01 2.270E-01 1.195E-01 4.775E-02 1.475E-02 3.565E-03 6.750E-04
   1.50               1.640E+00 1.620E-01 3.960E-01 4.380E-01 3.320E-01 1.885E-01 8.300E-02 2.870E-02 7.900E-03 1.745E-03
   1.75               2.415E+00 2.205E-01 5.500E-01 6.250E-01 4.980E-01 3.015E-01 1.435E-01 5.500E-02 1.690E-02 4.250E-03
   2.00               3.595E+00 3.045E-01 7.650E-01 9.000E-01 7.500E-01 4.790E-01 2.445E-01 1.015E-01 3.455E-02 9.700E-03
   2.25               5.350E+00 4.225E-01 1.080E+00 1.300E+00 1.120E+00 7.500E-01 4.080E-01 1.820E-01 6.750E-02 2.090E-02
   2.50               7.950E+00 5.850E-01 1.515E+00 1.860E+00 1.655E+00 1.160E+00 6.650E-01 3.170E-01 1.265E-01 4.270E-02
   2.75               1.175E+01 8.150E-01 2.115E+00 2.655E+00 2.430E+00 1.770E+00 1.065E+00 5.350E-01 2.290E-01 8.350E-02
   3.00               1.720E+01 1.125E+00 2.950E+00 3.760E+00 3.530E+00 2.660E+00 1.670E+00 8.850E-01 4.015E-01 1.565E-01
   3.25               2.510E+01 1.545E+00 4.095E+00 5.300E+00 5.100E+00 3.955E+00 2.580E+00 1.430E+00 6.850E-01 2.835E-01
   3.50               3.645E+01 2.125E+00 5.650E+00 7.450E+00 7.300E+00 5.800E+00 3.925E+00 2.270E+00 1.140E+00 4.985E-01
   3.75               5.250E+01 2.910E+00 7.800E+00 1.035E+01 1.035E+01 8.450E+00 5.900E+00 3.540E+00 1.855E+00 8.550E-01
   4.00               7.550E+01 3.970E+00 1.070E+01 1.440E+01 1.460E+01 1.225E+01 8.750E+00 5.450E+00 2.970E+00 1.430E+00
   4.25               1.075E+02 5.400E+00 1.460E+01 1.990E+01 2.050E+01 1.755E+01 1.285E+01 8.250E+00 4.665E+00 2.340E+00
   4.50               1.530E+02 7.300E+00 1.990E+01 2.730E+01 2.855E+01 2.490E+01 1.870E+01 1.235E+01 7.200E+00 3.755E+00
   4.75               2.165E+02 9.900E+00 2.705E+01 3.745E+01 3.970E+01 3.520E+01 2.705E+01 1.830E+01 1.100E+01 5.950E+00
   5.00               4.705E+02 2.055E+01 5.650E+01 7.900E+01 8.450E+01 7.600E+01 6.000E+01 4.150E+01 2.575E+01 1.435E+01
   5.50               8.050E+02 3.225E+01 8.900E+01 1.265E+02 1.390E+02 1.290E+02 1.050E+02 7.650E+01 5.000E+01 2.965E+01
   6.00               1.355E+03 4.990E+01 1.390E+02 1.995E+02 2.230E+02 2.130E+02 1.790E+02 1.355E+02 9.250E+01 5.800E+01
   6.50               2.230E+03 7.650E+01 2.135E+02 3.100E+02 3.525E+02 3.440E+02 2.975E+02 2.320E+02 1.650E+02 1.075E+02
   7.00               3.620E+03 1.155E+02 3.250E+02 4.760E+02 5.500E+02 5.450E+02 4.830E+02 3.875E+02 2.845E+02 1.925E+02
   7.50               5.800E+03 1.735E+02 4.895E+02 7.250E+02 8.450E+02 8.500E+02 7.700E+02 6.300E+02 4.770E+02 3.330E+02
   8.00               9.100E+03 2.580E+02 7.300E+02 1.085E+03 1.280E+03 1.310E+03 1.205E+03 1.010E+03 7.800E+02 5.600E+02
   8.50               1.420E+04 3.810E+02 1.085E+03 1.620E+03 1.925E+03 1.995E+03 1.860E+03 1.590E+03 1.255E+03 9.250E+02
   9.00               2.190E+04 5.600E+02 1.590E+03 2.395E+03 2.870E+03 3.005E+03 2.840E+03 2.465E+03 1.985E+03 1.490E+03
   9.50               3.340E+04 8.150E+02 2.325E+03 3.510E+03 4.240E+03 4.480E+03 4.285E+03 3.770E+03 3.085E+03 2.365E+03
  10.00               5.050E+04 1.175E+03 3.370E+03 5.100E+03 6.200E+03 6.600E+03 6.400E+03 5.700E+03 4.740E+03 3.690E+03
  11.00               1.125E+05 2.420E+03 6.950E+03 1.065E+04 1.305E+04 1.410E+04 1.390E+04 1.265E+04 1.080E+04 8.650E+03
  12.00               2.430E+05 4.875E+03 1.405E+04 2.160E+04 2.680E+04 2.930E+04 2.925E+04 2.715E+04 2.360E+04 1.940E+04