   0.25 10.939  2.019 6.137E-01 7.302E-02 1.714E-01 1.749E-01 1.173E-01 5.650E-02 2.025E-02 5.490E-03 1.137E-03 1.810E-04
   0.50 10.939  2.019 6.137E-01 7.302E-02 1.714E-01 1.749E-01 1.173E-01 5.650E-02 2.025E-02 5.490E-03 1.137E-03 1.810E-04
   0.75 10.939  2.019 6.137E-01 7.302E-02 1.714E-01 1.749E-01 1.173E-01 5.650E-02 2.025E-02 5.490E-03 1.137E-03 1.810E-04
   1.00 10.939  2.019 6.137E-01 7.302E-02 1.714E-01 1.749E-01 1.173E-01 5.650E-02 2.025E-02 5.490E-03 1.137E-03 1.810E-04
   1.25 10.939  2.019 6.137E-01 7.302E-02 1.714E-01 1.749E-01 1.173E-01 5.650E-02 2.025E-02 5.490E-03 1.137E-03 1.810E-04
   1.50 10.936  2.019 7.150E-01 8.507E-02 1.997E-01 2.037E-01 1.366E-01 6.583E-02 2.359E-02 6.396E-03 1.325E-03 2.108E-04
   1.75 10.928  2.019 1.426E+00 1.696E-01 3.981E-01 4.062E-01 2.724E-01 1.312E-01 4.703E-02 1.275E-02 2.641E-03 4.204E-04
   2.00 10.919  2.019 2.545E+00 3.028E-01 7.106E-01 7.250E-01 4.862E-01 2.343E-01 8.395E-02 2.276E-02 4.714E-03 7.504E-04
   2.25 10.912  2.019 4.372E+00 5.202E-01 1.221E+00 1.246E+00 8.354E-01 4.025E-01 1.443E-01 3.911E-02 8.101E-03 1.289E-03
   2.50 10.904  2.019 7.309E+00 8.696E-01 2.041E+00 2.083E+00 1.396E+00 6.729E-01 2.411E-01 6.538E-02 1.354E-02 2.155E-03
   2.75 10.896  2.109 1.140E+01 1.246E+00 2.986E+00 3.174E+00 2.263E+00 1.183E+00 4.699E-01 1.440E-01 3.443E-02 6.456E-03
   3.00 10.888  2.294 1.668E+01 1.547E+00 3.839E+00 4.375E+00 3.464E+00 2.082E+00 9.842E-01 3.719E-01 1.135E-01 2.812E-02
   3.25 10.881  2.465 2.419E+01 1.949E+00 4.961E+00 5.950E+00 5.085E+00 3.385E+00 1.818E+00 8.005E-01 2.920E-01 8.873E-02
   3.50 10.874  2.626 3.476E+01 2.475E+00 6.424E+00 8.010E+00 7.257E+00 5.223E+00 3.091E+00 1.530E+00 6.395E-01 2.271E-01
   3.75 10.866  2.777 4.947E+01 3.157E+00 8.318E+00 1.070E+01 1.015E+01 7.765E+00 4.962E+00 2.693E+00 1.253E+00 5.032E-01
   4.00 10.859  2.920 6.977E+01 4.032E+00 1.076E+01 1.418E+01 1.396E+01 1.123E+01 7.635E+00 4.464E+00 2.266E+00 1.005E+00
   4.25 10.852  3.056 9.755E+01 5.152E+00 1.389E+01 1.868E+01 1.897E+01 1.590E+01 1.138E+01 7.072E+00 3.857E+00 1.856E+00
   4.50 10.845  3.187 1.353E+02 6.577E+00 1.788E+01 2.448E+01 2.550E+01 2.212E+01 1.652E+01 1.082E+01 6.265E+00 3.230E+00
   4.75 10.839  3.313 1.861E+02 8.386E+00 2.297E+01 3.190E+01 3.397E+01 3.034E+01 2.351E+01 1.608E+01 9.804E+00 5.360E+00
   5.00 10.832  3.433 2.543E+02 1.067E+01 2.941E+01 4.137E+01 4.490E+01 4.112E+01 3.288E+01 2.336E+01 1.489E+01 8.559E+00
   5.50 10.819  3.663 4.651E+02 1.717E+01 4.780E+01 6.864E+01 7.684E+01 7.333E+01 6.175E+01 4.667E+01 3.196E+01 1.996E+01
   6.00 10.806  3.880 8.301E+02 2.735E+01 7.677E+01 1.120E+02 1.285E+02 1.267E+02 1.111E+02 8.810E+01 6.384E+01 4.253E+01
   6.50 10.794  4.085 1.450E+03 4.313E+01 1.219E+02 1.802E+02 2.107E+02 2.132E+02 1.931E+02 1.593E+02 1.208E+02 8.475E+01
   7.00 10.782  4.280 2.484E+03 6.736E+01 1.913E+02 2.859E+02 3.398E+02 3.512E+02 3.266E+02 2.782E+02 2.190E+02 1.604E+02
   7.50 10.770  4.381 4.263E+03 1.103E+02 3.141E+02 4.717E+02 5.649E+02 5.897E+02 5.554E+02 4.802E+02 3.848E+02 2.875E+02
   8.00 10.759  4.467 7.203E+03 1.794E+02 5.118E+02 7.716E+02 9.295E+02 9.780E+02 9.304E+02 8.140E+02 6.614E+02 5.020E+02
   8.50 10.748  4.548 1.198E+04 2.878E+02 8.227E+02 1.245E+03 1.507E+03 1.597E+03 1.533E+03 1.356E+03 1.115E+03 8.586E+02
   9.00 10.737  4.625 1.963E+04 4.562E+02 1.306E+03 1.983E+03 2.413E+03 2.573E+03 2.489E+03 2.222E+03 1.849E+03 1.441E+03
   9.50 10.727  4.698 3.175E+04 7.151E+02 2.050E+03 3.121E+03 3.814E+03 4.091E+03 3.987E+03 3.591E+03 3.017E+03 2.380E+03
  10.00 10.716  4.768 5.071E+04 1.109E+03 3.185E+03 4.861E+03 5.964E+03 6.430E+03 6.308E+03 5.725E+03 4.855E+03 3.870E+03
  11.00 10.697  4.899 1.251E+05 2.593E+03 7.463E+03 1.144E+04 1.414E+04 1.539E+04 1.527E+04 1.405E+04 1.211E+04 9.835E+03
  12.00 10.679  5.019 2.967E+05 5.859E+03 1.689E+04 2.600E+04 3.232E+04 3.545E+04 3.553E+04 3.309E+04 2.892E+04 2.386E+04