   0.25               1.820E-01 1.820E-01 0.000E+00 0.000E+00 0.000E+00 0.000E+00 0.000E+00 0.000E+00 0.000E+00 0.000E+00
   0.50               2.080E-01 8.730E-02 0.000E+00 7.430E-04 0.000E+00 1.200E-01 0.000E+00 0.000E+00 0.000E+00 0.000E+00
   0.75               9.910E-01 4.400E-02 7.860E-04 4.560E-03 0.000E+00 9.420E-01 0.000E+00 0.000E+00 0.000E+00 0.000E+00
   1.00               1.760E+00 1.900E-01 3.590E-01 3.240E-01 6.000E-02 8.230E-01 0.000E+00 0.000E+00 0.000E+00 0.000E+00
   1.25               4.550E+00 5.500E-01 8.770E-01 1.180E+00 2.810E-01 1.660E+00 0.000E+00 0.000E+00 0.000E+00 0.000E+00
   1.50               5.280E+00 1.190E+00 4.390E-01 1.240E+00 1.160E+00 1.260E+00 0.000E+00 0.000E+00 0.000E+00 0.000E+00
   1.75               1.160E+01 1.920E+00 1.870E+00 2.300E+00 3.390E+00 1.780E+00 0.000E+00 2.920E-01 0.000E+00 0.000E+00
   2.00               1.960E+01 2.300E+00 3.110E+00 4.240E+00 5.110E+00 2.860E+00 4.910E-01 1.470E+00 0.000E+00 0.000E+00
   2.25               2.860E+01 1.810E+00 5.760E+00 7.420E+00 4.000E+00 5.940E+00 1.240E+00 2.100E+00 3.190E-01 0.000E+00
   2.50               4.360E+01 1.840E+00 8.510E+00 1.220E+01 3.130E+00 1.110E+01 2.780E+00 2.430E+00 1.640E+00 0.000E+00
   2.75               5.860E+01 4.470E+00 1.240E+01 1.190E+01 6.510E+00 1.250E+01 5.620E+00 3.230E+00 1.930E+00 0.000E+00
   3.00               9.460E+01 1.150E+01 1.640E+01 1.560E+01 1.440E+01 1.730E+01 1.050E+01 4.250E+00 2.920E+00 1.620E+00
   3.25               1.330E+02 1.480E+01 2.010E+01 2.290E+01 2.550E+01 2.210E+01 1.320E+01 8.960E+00 3.970E+00 1.640E+00
   3.50               1.680E+02 1.390E+01 2.260E+01 3.430E+01 3.590E+01 2.550E+01 1.640E+01 1.340E+01 3.920E+00 1.920E+00
   3.75               2.190E+02 1.640E+01 3.080E+01 4.400E+01 3.980E+01 3.630E+01 2.490E+01 1.640E+01 5.820E+00 4.000E+00
   4.00               2.950E+02 2.280E+01 3.790E+01 5.400E+01 5.240E+01 5.430E+01 3.530E+01 2.020E+01 1.100E+01 5.840E+00
   4.25               3.920E+02 2.370E+01 3.850E+01 7.580E+01 7.960E+01 6.940E+01 4.600E+01 3.130E+01 1.910E+01 6.100E+00
   4.50               5.480E+02 2.600E+01 5.210E+01 1.080E+02 1.110E+02 9.150E+01 6.750E+01 4.830E+01 2.670E+01 1.090E+01
   4.75               7.380E+02 3.460E+01 8.310E+01 1.350E+02 1.360E+02 1.270E+02 9.600E+01 6.460E+01 3.320E+01 1.850E+01
   5.00               9.300E+02 4.600E+01 1.140E+02 1.630E+02 1.650E+02 1.630E+02 1.190E+02 7.990E+01 4.280E+01 2.510E+01
   5.50               1.690E+03 7.730E+01 1.750E+02 2.680E+02 2.840E+02 2.820E+02 2.300E+02 1.680E+02 9.680E+01 5.850E+01
   6.00               2.940E+03 1.110E+02 2.820E+02 4.330E+02 4.940E+02 4.900E+02 3.910E+02 2.940E+02 1.960E+02 1.260E+02
   6.50               4.910E+03 1.610E+02 4.280E+02 6.870E+02 7.950E+02 7.810E+02 6.590E+02 5.240E+02 3.800E+02 2.490E+02
   7.00               8.230E+03 2.740E+02 7.260E+02 1.070E+03 1.230E+03 1.240E+03 1.090E+03 9.260E+02 6.740E+02 4.460E+02
   7.50               1.340E+04 4.010E+02 1.080E+03 1.610E+03 1.850E+03 1.940E+03 1.830E+03 1.540E+03 1.170E+03 8.250E+02
   8.00               2.170E+04 5.650E+02 1.590E+03 2.440E+03 2.920E+03 3.110E+03 2.910E+03 2.510E+03 1.970E+03 1.470E+03
   8.50               3.790E+04 9.000E+02 2.580E+03 4.010E+03 4.920E+03 5.290E+03 5.020E+03 4.440E+03 3.630E+03 2.770E+03
   9.00               6.070E+04 1.430E+03 3.980E+03 6.120E+03 7.510E+03 8.140E+03 7.960E+03 7.190E+03 5.950E+03 4.590E+03
   9.50               8.460E+04 1.880E+03 5.320E+03 8.150E+03 1.010E+04 1.100E+04 1.090E+04 1.000E+04 8.470E+03 6.650E+03
  10.00               1.150E+05 2.400E+03 6.860E+03 1.070E+04 1.330E+04 1.470E+04 1.470E+04 1.360E+04 1.170E+04 9.340E+03
  11.00               2.320E+05 4.490E+03 1.290E+04 2.010E+04 2.520E+04 2.810E+04 2.860E+04 2.700E+04 2.380E+04 1.960E+04
  12.00               4.270E+05 7.460E+03 2.160E+04 3.390E+04 4.310E+04 4.860E+04 5.030E+04 4.850E+04 4.380E+04 3.730E+04
   0.25               0.000E+00 0.000E+00 0.000E+00 0.000E+00 0.000E+00 0.000E+00 0.000E+00 0.000E+00 0.000E+00 0.000E+00
   0.50               0.000E+00 0.000E+00 0.000E+00 0.000E+00 0.000E+00 0.000E+00 0.000E+00 0.000E+00 0.000E+00 0.000E+00
   0.75               0.000E+00 0.000E+00 0.000E+00 0.000E+00 0.000E+00 0.000E+00 0.000E+00 0.000E+00 0.000E+00 0.000E+00
   1.00               0.000E+00 0.000E+00 0.000E+00 0.000E+00 0.000E+00 0.000E+00 0.000E+00 0.000E+00 0.000E+00 0.000E+00
   1.25               0.000E+00 0.000E+00 0.000E+00 0.000E+00 0.000E+00 0.000E+00 0.000E+00 0.000E+00 0.000E+00 0.000E+00
   1.50               0.000E+00 0.000E+00 0.000E+00 0.000E+00 0.000E+00 0.000E+00 0.000E+00 0.000E+00 0.000E+00 0.000E+00
   1.75               2.490E-01 0.000E+00 8.550E-04 0.000E+00 2.480E-01 0.000E+00 0.000E+00 0.000E+00 0.000E+00 0.000E+00
   2.00               8.660E-01 0.000E+00 4.600E-03 1.180E-03 8.600E-01 0.000E+00 0.000E+00 0.000E+00 0.000E+00 0.000E+00
   2.25               7.540E-01 0.000E+00 6.710E-03 4.070E-03 7.430E-01 0.000E+00 0.000E+00 0.000E+00 0.000E+00 0.000E+00
   2.50               1.780E-01 0.000E+00 8.210E-03 5.930E-03 1.640E-01 0.000E+00 0.000E+00 0.000E+00 0.000E+00 0.000E+00
   2.75               1.610E+00 0.000E+00 2.770E-01 3.700E-01 3.420E-01 3.600E-01 2.590E-01 0.000E+00 0.000E+00 0.000E+00
   3.00               5.660E+00 1.980E-02 8.400E-01 1.180E+00 1.580E+00 1.160E+00 8.070E-01 0.000E+00 7.410E-02 0.000E+00
   3.25               1.200E+01 4.270E-01 1.660E+00 1.940E+00 3.290E+00 2.010E+00 1.720E+00 3.010E-01 6.240E-01 0.000E+00
   3.50               3.170E+01 2.360E+00 4.280E+00 4.530E+00 6.300E+00 4.850E+00 4.960E+00 2.490E+00 1.350E+00 2.810E-01
   3.75               6.530E+01 4.100E+00 8.100E+00 1.040E+01 1.120E+01 1.080E+01 9.790E+00 5.530E+00 3.070E+00 1.430E+00
   4.00               9.930E+01 5.440E+00 1.280E+01 1.670E+01 1.650E+01 1.790E+01 1.360E+01 7.890E+00 5.850E+00 1.800E+00
   4.25               1.360E+02 8.070E+00 1.870E+01 2.150E+01 2.240E+01 2.360E+01 1.860E+01 1.160E+01 7.720E+00 2.190E+00
   4.50               1.970E+02 8.700E+00 2.550E+01 3.160E+01 3.290E+01 3.060E+01 2.840E+01 1.970E+01 1.040E+01 4.820E+00
   4.75               3.060E+02 1.000E+01 3.340E+01 5.050E+01 5.420E+01 4.630E+01 4.350E+01 3.190E+01 1.870E+01 1.050E+01
   5.00               5.110E+02 1.940E+01 5.140E+01 7.600E+01 9.020E+01 8.020E+01 7.040E+01 5.320E+01 3.650E+01 1.990E+01
   5.50               1.190E+03 3.370E+01 1.160E+02 1.780E+02 2.020E+02 1.940E+02 1.720E+02 1.280E+02 8.150E+01 4.640E+01
   6.00               2.350E+03 8.300E+01 2.330E+02 3.120E+02 3.580E+02 3.690E+02 3.400E+02 2.590E+02 1.780E+02 1.090E+02
   6.50               4.510E+03 1.620E+02 4.230E+02 5.950E+02 6.840E+02 6.770E+02 6.290E+02 5.040E+02 3.590E+02 2.310E+02
   7.00               8.270E+03 2.540E+02 6.870E+02 1.050E+03 1.250E+03 1.260E+03 1.130E+03 9.280E+02 7.050E+02 4.650E+02
   7.50               1.410E+04 4.550E+02 1.110E+03 1.700E+03 2.070E+03 2.110E+03 1.940E+03 1.590E+03 1.220E+03 8.350E+02
   8.00               2.240E+04 7.860E+02 1.750E+03 2.590E+03 3.100E+03 3.250E+03 3.060E+03 2.590E+03 2.010E+03 1.420E+03
   8.50               3.880E+04 1.280E+03 2.890E+03 4.260E+03 5.110E+03 5.400E+03 5.190E+03 4.520E+03 3.610E+03 2.630E+03
   9.00               5.910E+04 1.770E+03 3.960E+03 6.080E+03 7.510E+03 8.050E+03 7.820E+03 6.930E+03 5.670E+03 4.270E+03
   9.50               8.470E+04 2.050E+03 5.420E+03 8.290E+03 1.020E+04 1.110E+04 1.100E+04 1.000E+04 8.400E+03 6.530E+03
  10.00               1.170E+05 2.480E+03 7.050E+03 1.090E+04 1.360E+04 1.490E+04 1.480E+04 1.370E+04 1.180E+04 9.380E+03
  11.00               2.400E+05 4.580E+03 1.330E+04 2.060E+04 2.590E+04 2.890E+04 2.940E+04 2.780E+04 2.450E+04 2.020E+04
  12.00               4.580E+05 8.150E+03 2.370E+04 3.690E+04 4.670E+04 5.250E+04 5.410E+04 5.190E+04 4.670E+04 3.960E+04