   0.25 11.125  2.019 1.224E-01 1.457E-02 3.419E-02 3.488E-02 2.339E-02 1.127E-02 4.039E-03 1.095E-03 2.268E-04 3.610E-05
   0.50 11.125  2.019 2.035E-01 2.421E-02 5.683E-02 5.798E-02 3.888E-02 1.873E-02 6.713E-03 1.820E-03 3.770E-04 6.000E-05
   0.75 11.125  2.019 3.332E-01 3.964E-02 9.305E-02 9.494E-02 6.366E-02 3.067E-02 1.099E-02 2.980E-03 6.173E-04 9.825E-05
   1.00 11.125  2.019 5.381E-01 6.403E-02 1.503E-01 1.533E-01 1.028E-01 4.954E-02 1.775E-02 4.814E-03 9.970E-04 1.587E-04
   1.25 11.125  2.019 8.583E-01 1.021E-01 2.397E-01 2.446E-01 1.640E-01 7.902E-02 2.832E-02 7.678E-03 1.590E-03 2.531E-04
   1.50 11.125  2.019 1.353E+00 1.610E-01 3.780E-01 3.856E-01 2.586E-01 1.246E-01 4.465E-02 1.211E-02 2.507E-03 3.991E-04
   1.75 11.125  2.019 2.112E+00 2.512E-01 5.897E-01 6.017E-01 4.035E-01 1.944E-01 6.967E-02 1.889E-02 3.912E-03 6.227E-04
   2.00 11.125  2.019 3.263E+00 3.882E-01 9.112E-01 9.297E-01 6.234E-01 3.004E-01 1.076E-01 2.919E-02 6.045E-03 9.621E-04
   2.25 11.125  2.019 4.996E+00 5.945E-01 1.395E+00 1.424E+00 9.546E-01 4.600E-01 1.648E-01 4.469E-02 9.257E-03 1.473E-03
   2.50 11.125  2.019 7.588E+00 9.028E-01 2.119E+00 2.162E+00 1.450E+00 6.985E-01 2.503E-01 6.787E-02 1.406E-02 2.238E-03
   2.75 11.125  2.105 1.097E+01 1.204E+00 2.881E+00 3.057E+00 2.174E+00 1.133E+00 4.479E-01 1.366E-01 3.246E-02 6.044E-03
   3.00 11.125  2.282 1.513E+01 1.418E+00 3.512E+00 3.987E+00 3.137E+00 1.871E+00 8.757E-01 3.270E-01 9.839E-02 2.400E-02
   3.25 11.125  2.447 2.098E+01 1.716E+00 4.356E+00 5.198E+00 4.409E+00 2.906E+00 1.540E+00 6.682E-01 2.395E-01 7.132E-02
   3.50 11.125  2.601 2.914E+01 2.114E+00 5.472E+00 6.785E+00 6.097E+00 4.339E+00 2.533E+00 1.233E+00 5.054E-01 1.756E-01
   3.75 11.125  2.746 4.051E+01 2.641E+00 6.940E+00 8.873E+00 8.346E+00 6.314E+00 3.977E+00 2.122E+00 9.678E-01 3.798E-01
   4.00 11.125  2.885 5.631E+01 3.333E+00 8.867E+00 1.162E+01 1.134E+01 9.019E+00 6.045E+00 3.474E+00 1.728E+00 7.489E-01
   4.25 11.125  3.017 7.820E+01 4.238E+00 1.139E+01 1.524E+01 1.534E+01 1.271E+01 8.968E+00 5.481E+00 2.931E+00 1.379E+00
   4.50 11.125  3.143 1.085E+02 5.421E+00 1.470E+01 2.001E+01 2.067E+01 1.773E+01 1.306E+01 8.410E+00 4.777E+00 2.409E+00
   4.75 11.125  3.264 1.502E+02 6.966E+00 1.903E+01 2.628E+01 2.777E+01 2.453E+01 1.875E+01 1.262E+01 7.550E+00 4.039E+00
   5.00 11.125  3.382 2.077E+02 8.982E+00 2.469E+01 3.455E+01 3.720E+01 3.371E+01 2.661E+01 1.861E+01 1.164E+01 6.555E+00
   5.50 11.125  3.604 3.947E+02 1.505E+01 4.180E+01 5.972E+01 6.637E+01 6.272E+01 5.217E+01 3.885E+01 2.615E+01 1.601E+01
   6.00 11.125  3.814 7.446E+02 2.537E+01 7.106E+01 1.032E+02 1.176E+02 1.148E+02 9.954E+01 7.788E+01 5.554E+01 3.632E+01
   6.50 11.125  4.013 1.394E+03 4.295E+01 1.211E+02 1.783E+02 2.071E+02 2.078E+02 1.862E+02 1.516E+02 1.132E+02 7.810E+01
   7.00 11.125  4.203 2.592E+03 7.286E+01 2.065E+02 3.074E+02 3.631E+02 3.723E+02 3.428E+02 2.884E+02 2.239E+02 1.613E+02
   7.50 11.120  4.364 4.713E+03 1.229E+02 3.500E+02 5.251E+02 6.280E+02 6.544E+02 6.152E+02 5.305E+02 4.238E+02 3.156E+02
   8.00 11.096  4.450 8.017E+03 2.012E+02 5.737E+02 8.644E+02 1.040E+03 1.093E+03 1.037E+03 9.056E+02 7.337E+02 5.552E+02
   8.50 11.074  4.531 1.341E+04 3.245E+02 9.273E+02 1.402E+03 1.696E+03 1.795E+03 1.719E+03 1.517E+03 1.245E+03 9.555E+02
   9.00 11.052  4.608 2.208E+04 5.168E+02 1.479E+03 2.244E+03 2.727E+03 2.904E+03 2.805E+03 2.499E+03 2.074E+03 1.613E+03
   9.50 11.032  4.681 3.585E+04 8.133E+02 2.331E+03 3.546E+03 4.329E+03 4.638E+03 4.512E+03 4.055E+03 3.400E+03 2.675E+03
  10.00 11.012  4.751 5.746E+04 1.266E+03 3.633E+03 5.541E+03 6.792E+03 7.315E+03 7.164E+03 6.490E+03 5.492E+03 4.367E+03
  11.00 10.975  4.881 1.426E+05 2.976E+03 8.560E+03 1.312E+04 1.619E+04 1.760E+04 1.744E+04 1.602E+04 1.378E+04 1.117E+04
  12.00 10.941  5.002 3.394E+05 6.750E+03 1.946E+04 2.994E+04 3.717E+04 4.073E+04 4.077E+04 3.790E+04 3.306E+04 2.721E+04