   0.25 12.557  2.019 4.363E-01 5.191E-02 1.218E-01 1.243E-01 8.335E-02 4.016E-02 1.439E-02 3.902E-03 8.082E-04 1.286E-04
   0.50 12.557  2.019 5.936E-01 7.063E-02 1.658E-01 1.691E-01 1.134E-01 5.465E-02 1.959E-02 5.310E-03 1.100E-03 1.750E-04
   0.75 12.557  2.019 8.077E-01 9.611E-02 2.256E-01 2.302E-01 1.543E-01 7.436E-02 2.665E-02 7.226E-03 1.496E-03 2.382E-04
   1.00 12.557  2.019 1.099E+00 1.308E-01 3.070E-01 3.132E-01 2.100E-01 1.012E-01 3.626E-02 9.832E-03 2.036E-03 3.241E-04
   1.25 12.557  2.019 1.496E+00 1.779E-01 4.177E-01 4.262E-01 2.858E-01 1.377E-01 4.934E-02 1.338E-02 2.771E-03 4.410E-04
   1.50 12.557  2.019 2.035E+00 2.421E-01 5.683E-01 5.799E-01 3.888E-01 1.874E-01 6.714E-02 1.820E-02 3.770E-03 6.001E-04
   1.75 12.557  2.019 2.769E+00 3.295E-01 7.734E-01 7.891E-01 5.291E-01 2.549E-01 9.136E-02 2.477E-02 5.130E-03 8.166E-04
   2.00 12.557  2.019 3.768E+00 4.483E-01 1.052E+00 1.074E+00 7.200E-01 3.469E-01 1.243E-01 3.371E-02 6.981E-03 1.111E-03
   2.25 12.557  2.019 5.127E+00 6.100E-01 1.432E+00 1.461E+00 9.797E-01 4.720E-01 1.692E-01 4.587E-02 9.499E-03 1.512E-03
   2.50 12.557  2.019 6.977E+00 8.301E-01 1.948E+00 1.988E+00 1.333E+00 6.423E-01 2.302E-01 6.241E-02 1.293E-02 2.057E-03
   2.75 12.549  2.086 9.494E+00 1.060E+00 2.526E+00 2.660E+00 1.869E+00 9.587E-01 3.715E-01 1.106E-01 2.557E-02 4.611E-03
   3.00 12.538  2.228 1.292E+01 1.269E+00 3.113E+00 3.467E+00 2.652E+00 1.523E+00 6.796E-01 2.397E-01 6.751E-02 1.526E-02
   3.25 12.528  2.361 1.758E+01 1.542E+00 3.866E+00 4.501E+00 3.678E+00 2.307E+00 1.150E+00 4.629E-01 1.521E-01 4.103E-02
   3.50 12.518  2.487 2.392E+01 1.896E+00 4.838E+00 5.834E+00 5.028E+00 3.385E+00 1.843E+00 8.253E-01 3.069E-01 9.538E-02
   3.75 12.508  2.606 3.255E+01 2.352E+00 6.090E+00 7.562E+00 6.807E+00 4.857E+00 2.843E+00 1.389E+00 5.719E-01 1.996E-01
   4.00 12.499  2.721 4.429E+01 2.941E+00 7.709E+00 9.806E+00 9.154E+00 6.856E+00 4.265E+00 2.241E+00 1.004E+00 3.863E-01
   4.25 12.489  2.831 6.026E+01 3.702E+00 9.804E+00 1.273E+01 1.226E+01 9.565E+00 6.264E+00 3.501E+00 1.686E+00 7.041E-01
   4.50 12.480  2.936 8.200E+01 4.687E+00 1.252E+01 1.655E+01 1.636E+01 1.323E+01 9.052E+00 5.334E+00 2.733E+00 1.225E+00
   4.75 12.470  3.038 1.116E+02 5.962E+00 1.605E+01 2.154E+01 2.179E+01 1.816E+01 1.292E+01 7.970E+00 4.309E+00 2.053E+00
   5.00 12.461  3.137 1.518E+02 7.616E+00 2.064E+01 2.807E+01 2.898E+01 2.481E+01 1.825E+01 1.172E+01 6.642E+00 3.339E+00
   5.50 12.443  3.326 2.811E+02 1.256E+01 3.443E+01 4.790E+01 5.113E+01 4.579E+01 3.561E+01 2.447E+01 1.500E+01 8.246E+00
   6.00 12.426  3.505 5.205E+02 2.098E+01 5.801E+01 8.215E+01 9.008E+01 8.363E+01 6.803E+01 4.933E+01 3.219E+01 1.902E+01
   6.50 12.410  3.675 9.638E+02 3.536E+01 9.851E+01 1.416E+02 1.587E+02 1.517E+02 1.281E+02 9.705E+01 6.668E+01 4.179E+01
   7.00 12.393  3.837 1.784E+03 6.009E+01 1.684E+02 2.451E+02 2.799E+02 2.742E+02 2.386E+02 1.876E+02 1.346E+02 8.857E+01
   7.50 12.378  3.993 3.304E+03 1.028E+02 2.897E+02 4.259E+02 4.940E+02 4.942E+02 4.414E+02 3.580E+02 2.663E+02 1.827E+02
   8.00 12.363  4.121 6.106E+03 1.785E+02 5.048E+02 7.479E+02 8.775E+02 8.914E+02 8.116E+02 6.736E+02 5.146E+02 3.641E+02
   8.50 12.348  4.211 1.108E+04 3.101E+02 8.794E+02 1.309E+03 1.548E+03 1.588E+03 1.464E+03 1.234E+03 9.591E+02 6.923E+02
   9.00 12.334  4.296 1.969E+04 5.300E+02 1.506E+03 2.252E+03 2.680E+03 2.774E+03 2.586E+03 2.208E+03 1.743E+03 1.281E+03
   9.50 12.320  4.375 3.437E+04 8.918E+02 2.539E+03 3.812E+03 4.563E+03 4.760E+03 4.481E+03 3.871E+03 3.098E+03 2.312E+03
  10.00 12.306  4.451 5.899E+04 1.480E+03 4.220E+03 6.358E+03 7.650E+03 8.038E+03 7.633E+03 6.663E+03 5.400E+03 4.087E+03
  11.00 12.281  4.591 1.662E+05 3.920E+03 1.122E+04 1.700E+04 2.064E+04 2.195E+04 2.117E+04 1.882E+04 1.558E+04 1.208E+04
  12.00 12.256  4.719 4.448E+05 9.932E+03 2.849E+04 4.340E+04 5.310E+04 5.705E+04 5.571E+04 5.028E+04 4.237E+04 3.353E+04